###############################################################################
#                                                                             #
# IAR 8051 C/C++ Compiler V7.30B/W32                    18/Mar/2013  18:21:58 #
# Copyright 2004-2007 IAR Systems. All rights reserved.                       #
#                                                                             #
#    Core               =  plain                                              #
#    Code model         =  banked                                             #
#    Data model         =  large                                              #
#    Calling convention =  xdata reentrant                                    #
#    Constant location  =  data                                               #
#    Dptr setup         =  1,16                                               #
#    Source file        =  C:\Texas Instruments\ZStack-1.4.3-1.2.1\Components #
#                          \services\saddr\saddr.c                            #
#    Command line       =  -f "C:\Texas Instruments\ZStack-1.4.3-1.2.1\Projec #
#                          ts\zstack\Samples\cc2430-zstack-adxl345\CC2430DB\. #
#                          .\..\..\Tools\CC2430DB\f8wEndev.cfg" (-DCPU32MHZ   #
#                          -DFORCE_MAC_NEAR -DROOT=__near_func                #
#                          -DMAC_OPT_FFD=0 -DBLINK_LEDS "-DCONST=const        #
#                          __code" -DGENERIC=__generic) -f "C:\Texas          #
#                          Instruments\ZStack-1.4.3-1.2.1\Projects\zstack\Sam #
#                          ples\cc2430-zstack-adxl345\CC2430DB\..\..\..\Tools #
#                          \CC2430DB\f8wConfig.cfg" (-DSECURE=0               #
#                          -DDEFAULT_CHANLIST=0x00000800                      #
#                          -DZDAPP_CONFIG_PAN_ID=0xFFFF                       #
#                          -DNWK_START_DELAY=100 -DEXTENDED_JOINING_RANDOM_MA #
#                          SK=0x007F -DBEACON_REQUEST_DELAY=100               #
#                          -DBEACON_REQ_DELAY_MASK=0x00FF                     #
#                          -DROUTE_EXPIRY_TIME=30 -DAPSC_ACK_WAIT_DURATION_PO #
#                          LLED=3000 -DNWK_INDIRECT_MSG_TIMEOUT=7             #
#                          -DMAX_RREQ_ENTRIES=10 -DAPSC_MAX_FRAME_RETRIES=3   #
#                          -DNWK_MAX_DATA_RETRIES=2                           #
#                          -DMAX_POLL_FAILURE_RETRIES=2 -DMAX_BCAST=9         #
#                          -DAPS_MAX_GROUPS=16 -DMAX_RTG_ENTRIES=20           #
#                          -DNWK_MAX_BINDING_ENTRIES=10                       #
#                          -DMAX_BINDING_CLUSTER_IDS=5 "-DDEFAULT_KEY={0x01,  #
#                          0x03, 0x05, 0x07, 0x09, 0x0B, 0x0D, 0x0F, 0x00,    #
#                          0x02, 0x04, 0x06, 0x08, 0x0A, 0x0C, 0x0D}"         #
#                          -DRFD_RCVC_ALWAYS_ON=FALSE -DPOLL_RATE=1000        #
#                          -DQUEUED_POLL_RATE=100 -DRESPONSE_POLL_RATE=100)   #
#                          -DREJOIN_POLL_RATE=440 "C:\Texas                   #
#                          Instruments\ZStack-1.4.3-1.2.1\Components\services #
#                          \saddr\saddr.c" -D CC2430EB -D AXD_END3 -D         #
#                          NWK_AUTO_POLL -D REFLECTOR -D xZTOOL_P1 -D         #
#                          xMT_TASK -D xMT_ZDO_FUNC -D xLCD_SUPPORTED=DEBUG   #
#                          -D xPOWER_SAVING -lC "C:\Texas                     #
#                          Instruments\ZStack-1.4.3-1.2.1\Projects\zstack\Sam #
#                          ples\cc2430-zstack-adxl345\CC2430DB\EndDeviceEB3\L #
#                          ist\" -lA "C:\Texas Instruments\ZStack-1.4.3-1.2.1 #
#                          \Projects\zstack\Samples\cc2430-zstack-adxl345\CC2 #
#                          430DB\EndDeviceEB3\List\" --diag_suppress          #
#                          Pe001,Pa010 --diag_remark pe550 -o "C:\Texas       #
#                          Instruments\ZStack-1.4.3-1.2.1\Projects\zstack\Sam #
#                          ples\cc2430-zstack-adxl345\CC2430DB\EndDeviceEB3\O #
#                          bj\" -e --require_prototypes -z2 --no_cse          #
#                          --no_unroll --no_inline --no_code_motion           #
#                          --no_tbaa --debug --core=plain --dptr=16,1         #
#                          --data_model=large --code_model=banked             #
#                          --calling_convention=xdata_reentrant               #
#                          --place_constants=data --nr_virtual_regs 8 -I      #
#                          "C:\Texas Instruments\ZStack-1.4.3-1.2.1\Projects\ #
#                          zstack\Samples\cc2430-zstack-adxl345\CC2430DB\"    #
#                          -I "C:\Texas Instruments\ZStack-1.4.3-1.2.1\Projec #
#                          ts\zstack\Samples\cc2430-zstack-adxl345\CC2430DB\. #
#                          .\SOURCE\" -I "C:\Texas Instruments\ZStack-1.4.3-1 #
#                          .2.1\Projects\zstack\Samples\cc2430-zstack-adxl345 #
#                          \CC2430DB\..\Drivers\" -I "C:\Texas                #
#                          Instruments\ZStack-1.4.3-1.2.1\Projects\zstack\Sam #
#                          ples\cc2430-zstack-adxl345\CC2430DB\..\..\..\ZMAIN #
#                          \TI2430DB\" -I "C:\Texas                           #
#                          Instruments\ZStack-1.4.3-1.2.1\Projects\zstack\Sam #
#                          ples\cc2430-zstack-adxl345\CC2430DB\..\..\..\..\.. #
#                          \COMPONENTS\MT\" -I "C:\Texas                      #
#                          Instruments\ZStack-1.4.3-1.2.1\Projects\zstack\Sam #
#                          ples\cc2430-zstack-adxl345\CC2430DB\..\..\..\..\.. #
#                          \COMPONENTS\HAL\INCLUDE\" -I "C:\Texas             #
#                          Instruments\ZStack-1.4.3-1.2.1\Projects\zstack\Sam #
#                          ples\cc2430-zstack-adxl345\CC2430DB\..\..\..\..\.. #
#                          \COMPONENTS\HAL\TARGET\CC2430EB\" -I "C:\Texas     #
#                          Instruments\ZStack-1.4.3-1.2.1\Projects\zstack\Sam #
#                          ples\cc2430-zstack-adxl345\CC2430DB\..\..\..\..\.. #
#                          \COMPONENTS\OSAL\MCU\CCSOC\" -I "C:\Texas          #
#                          Instruments\ZStack-1.4.3-1.2.1\Projects\zstack\Sam #
#                          ples\cc2430-zstack-adxl345\CC2430DB\..\..\..\..\.. #
#                          \COMPONENTS\OSAL\INCLUDE\" -I "C:\Texas            #
#                          Instruments\ZStack-1.4.3-1.2.1\Projects\zstack\Sam #
#                          ples\cc2430-zstack-adxl345\CC2430DB\..\..\..\..\.. #
#                          \COMPONENTS\STACK\AF\" -I "C:\Texas                #
#                          Instruments\ZStack-1.4.3-1.2.1\Projects\zstack\Sam #
#                          ples\cc2430-zstack-adxl345\CC2430DB\..\..\..\..\.. #
#                          \COMPONENTS\STACK\NWK\" -I "C:\Texas               #
#                          Instruments\ZStack-1.4.3-1.2.1\Projects\zstack\Sam #
#                          ples\cc2430-zstack-adxl345\CC2430DB\..\..\..\..\.. #
#                          \COMPONENTS\STACK\SEC\" -I "C:\Texas               #
#                          Instruments\ZStack-1.4.3-1.2.1\Projects\zstack\Sam #
#                          ples\cc2430-zstack-adxl345\CC2430DB\..\..\..\..\.. #
#                          \COMPONENTS\STACK\SYS\" -I "C:\Texas               #
#                          Instruments\ZStack-1.4.3-1.2.1\Projects\zstack\Sam #
#                          ples\cc2430-zstack-adxl345\CC2430DB\..\..\..\..\.. #
#                          \COMPONENTS\STACK\ZDO\" -I "C:\Texas               #
#                          Instruments\ZStack-1.4.3-1.2.1\Projects\zstack\Sam #
#                          ples\cc2430-zstack-adxl345\CC2430DB\..\..\..\..\.. #
#                          \COMPONENTS\ZMAC\F8W\" -I "C:\Texas                #
#                          Instruments\ZStack-1.4.3-1.2.1\Projects\zstack\Sam #
#                          ples\cc2430-zstack-adxl345\CC2430DB\..\..\..\..\.. #
#                          \COMPONENTS\ZMAC\" -I "C:\Texas                    #
#                          Instruments\ZStack-1.4.3-1.2.1\Projects\zstack\Sam #
#                          ples\cc2430-zstack-adxl345\CC2430DB\..\..\..\..\.. #
#                          \COMPONENTS\SERVICES\SADDR\" -I "C:\Texas          #
#                          Instruments\ZStack-1.4.3-1.2.1\Projects\zstack\Sam #
#                          ples\cc2430-zstack-adxl345\CC2430DB\..\..\..\..\.. #
#                          \COMPONENTS\SERVICES\SDATA\" -I "C:\Texas          #
#                          Instruments\ZStack-1.4.3-1.2.1\Projects\zstack\Sam #
#                          ples\cc2430-zstack-adxl345\CC2430DB\..\..\..\..\.. #
#                          \COMPONENTS\MAC\INCLUDE\" -I "C:\Texas             #
#                          Instruments\ZStack-1.4.3-1.2.1\Projects\zstack\Sam #
#                          ples\cc2430-zstack-adxl345\CC2430DB\..\..\..\..\.. #
#                          \COMPONENTS\MAC\HIGH_LEVEL\" -I "C:\Texas          #
#                          Instruments\ZStack-1.4.3-1.2.1\Projects\zstack\Sam #
#                          ples\cc2430-zstack-adxl345\CC2430DB\..\..\..\..\.. #
#                          \COMPONENTS\MAC\LOW_LEVEL\SRF03\" -I "C:\Texas     #
#                          Instruments\ZStack-1.4.3-1.2.1\Projects\zstack\Sam #
#                          ples\cc2430-zstack-adxl345\CC2430DB\..\..\..\..\.. #
#                          \COMPONENTS\MAC\LOW_LEVEL\SRF03\SINGLE_CHIP\" -I   #
#                          "C:\Program Files\IAR Systems\Embedded Workbench   #
#                          4.0 Evaluation version\8051\INC\" -I "C:\Program   #
#                          Files\IAR Systems\Embedded Workbench 4.0           #
#                          Evaluation version\8051\INC\CLIB\"                 #
#    List file          =  C:\Texas Instruments\ZStack-1.4.3-1.2.1\Projects\z #
#                          stack\Samples\cc2430-zstack-adxl345\CC2430DB\EndDe #
#                          viceEB3\List\saddr.lst                             #
#    Object file        =  C:\Texas Instruments\ZStack-1.4.3-1.2.1\Projects\z #
#                          stack\Samples\cc2430-zstack-adxl345\CC2430DB\EndDe #
#                          viceEB3\Obj\saddr.r51                              #
#                                                                             #
#                                                                             #
###############################################################################

C:\Texas Instruments\ZStack-1.4.3-1.2.1\Components\services\saddr\saddr.c
      1          /****************************************************************************
      2            Filename:       saddr.c
      3            Revised:        $Date: 2007-10-28 18:43:04 -0700 (Sun, 28 Oct 2007) $
      4            Revision:       $Revision: 15800 $
      5          
      6            Description:    Zigbee and 802.15.4 device address utility functions.
      7          
      8          
      9            Copyright 2005-2007 Texas Instruments Incorporated. All rights reserved.
     10          
     11            IMPORTANT: Your use of this Software is limited to those specific rights
     12            granted under the terms of a software license agreement between the user
     13            who downloaded the software, his/her employer (which must be your employer)
     14            and Texas Instruments Incorporated (the "License").  You may not use this
     15            Software unless you agree to abide by the terms of the License. The License
     16            limits your use, and you acknowledge, that the Software may not be modified,
     17            copied or distributed unless embedded on a Texas Instruments microcontroller
     18            or used solely and exclusively in conjunction with a Texas Instruments radio
     19            frequency transceiver, which is integrated into your product.  Other than for
     20            the foregoing purpose, you may not use, reproduce, copy, prepare derivative
     21            works of, modify, distribute, perform, display or sell this Software and/or
     22            its documentation for any purpose.
     23          
     24            YOU FURTHER ACKNOWLEDGE AND AGREE THAT THE SOFTWARE AND DOCUMENTATION ARE
     25            PROVIDED “AS IS” WITHOUT WARRANTY OF ANY KIND, EITHER EXPRESS OR IMPLIED, 
     26            INCLUDING WITHOUT LIMITATION, ANY WARRANTY OF MERCHANTABILITY, TITLE, 
     27            NON-INFRINGEMENT AND FITNESS FOR A PARTICULAR PURPOSE. IN NO EVENT SHALL
     28            TEXAS INSTRUMENTS OR ITS LICENSORS BE LIABLE OR OBLIGATED UNDER CONTRACT,
     29            NEGLIGENCE, STRICT LIABILITY, CONTRIBUTION, BREACH OF WARRANTY, OR OTHER
     30            LEGAL EQUITABLE THEORY ANY DIRECT OR INDIRECT DAMAGES OR EXPENSES
     31            INCLUDING BUT NOT LIMITED TO ANY INCIDENTAL, SPECIAL, INDIRECT, PUNITIVE
     32            OR CONSEQUENTIAL DAMAGES, LOST PROFITS OR LOST DATA, COST OF PROCUREMENT
     33            OF SUBSTITUTE GOODS, TECHNOLOGY, SERVICES, OR ANY CLAIMS BY THIRD PARTIES
     34            (INCLUDING BUT NOT LIMITED TO ANY DEFENSE THEREOF), OR OTHER SIMILAR COSTS.
     35          
     36            Should you have any questions regarding your right to use this Software,
     37            contact Texas Instruments Incorporated at www.TI.com. 
     38          ****************************************************************************/
     39          
     40          /****************************************************************************
     41           * INCLUDES
     42           */
     43          #include "hal_types.h"
     44          #include "OSAL.h"
     45          #include "saddr.h"
     46          
     47          /****************************************************************************
     48           * @fn          sAddrCmp
     49           *
     50           * @brief       Compare two device addresses.
     51           *
     52           * input parameters
     53           *
     54           * @param       pAddr1        - Pointer to first address.
     55           * @param       pAddr2        - Pointer to second address.
     56           *
     57           * output parameters
     58           *
     59           * @return      TRUE if addresses are equal, FALSE otherwise
     60           */

   \                                 In  segment BANKED_CODE, align 1, keep-with-next
     61          bool sAddrCmp(const sAddr_t *pAddr1, const sAddr_t *pAddr2)
   \                     sAddrCmp:
     62          {
   \   000000   74F6         MOV     A,#-0xa
   \   000002   12....       LCALL   ?BANKED_ENTER_XDATA
   \   000005                ; Saved register size: 10
   \   000005                ; Auto size: 0
   \   000005   EA           MOV     A,R2
   \   000006   FE           MOV     R6,A
   \   000007   EB           MOV     A,R3
   \   000008   FF           MOV     R7,A
   \   000009   8C..         MOV     ?V0 + 0,R4
   \   00000B   8D..         MOV     ?V0 + 1,R5
     63            if (pAddr1->addrMode != pAddr2->addrMode)
   \   00000D   8E82         MOV     DPL,R6
   \   00000F   8F83         MOV     DPH,R7
   \   000011   A3           INC     DPTR
   \   000012   A3           INC     DPTR
   \   000013   A3           INC     DPTR
   \   000014   A3           INC     DPTR
   \   000015   A3           INC     DPTR
   \   000016   A3           INC     DPTR
   \   000017   A3           INC     DPTR
   \   000018   A3           INC     DPTR
   \   000019   E0           MOVX    A,@DPTR
   \   00001A   FA           MOV     R2,A
   \   00001B   85..82       MOV     DPL,?V0 + 0
   \   00001E   85..83       MOV     DPH,?V0 + 1
   \   000021   A3           INC     DPTR
   \   000022   A3           INC     DPTR
   \   000023   A3           INC     DPTR
   \   000024   A3           INC     DPTR
   \   000025   A3           INC     DPTR
   \   000026   A3           INC     DPTR
   \   000027   A3           INC     DPTR
   \   000028   A3           INC     DPTR
   \   000029   E0           MOVX    A,@DPTR
   \   00002A   6A           XRL     A,R2
   \   00002B   6004         JZ      ??sAddrCmp_0
     64            {
     65              return FALSE;
   \   00002D   7900         MOV     R1,#0x0
   \   00002F   8064         SJMP    ??sAddrCmp_1
     66            }
     67            else if (pAddr1->addrMode == SADDR_MODE_NONE)
   \                     ??sAddrCmp_0:
   \   000031   8E82         MOV     DPL,R6
   \   000033   8F83         MOV     DPH,R7
   \   000035   A3           INC     DPTR
   \   000036   A3           INC     DPTR
   \   000037   A3           INC     DPTR
   \   000038   A3           INC     DPTR
   \   000039   A3           INC     DPTR
   \   00003A   A3           INC     DPTR
   \   00003B   A3           INC     DPTR
   \   00003C   A3           INC     DPTR
   \   00003D   E0           MOVX    A,@DPTR
   \   00003E   7004         JNZ     ??sAddrCmp_2
     68            {
     69              return FALSE;
   \   000040   7900         MOV     R1,#0x0
   \   000042   8051         SJMP    ??sAddrCmp_1
     70            }
     71            else if (pAddr1->addrMode == SADDR_MODE_SHORT)
   \                     ??sAddrCmp_2:
   \   000044   8E82         MOV     DPL,R6
   \   000046   8F83         MOV     DPH,R7
   \   000048   A3           INC     DPTR
   \   000049   A3           INC     DPTR
   \   00004A   A3           INC     DPTR
   \   00004B   A3           INC     DPTR
   \   00004C   A3           INC     DPTR
   \   00004D   A3           INC     DPTR
   \   00004E   A3           INC     DPTR
   \   00004F   A3           INC     DPTR
   \   000050   E0           MOVX    A,@DPTR
   \   000051   6402         XRL     A,#0x2
   \   000053   7020         JNZ     ??sAddrCmp_3
     72            {
     73              return (bool) (pAddr1->addr.shortAddr == pAddr2->addr.shortAddr);
   \   000055   8E82         MOV     DPL,R6
   \   000057   8F83         MOV     DPH,R7
   \   000059   E0           MOVX    A,@DPTR
   \   00005A   F8           MOV     R0,A
   \   00005B   A3           INC     DPTR
   \   00005C   E0           MOVX    A,@DPTR
   \   00005D   F9           MOV     R1,A
   \   00005E   85..82       MOV     DPL,?V0 + 0
   \   000061   85..83       MOV     DPH,?V0 + 1
   \   000064   E0           MOVX    A,@DPTR
   \   000065   68           XRL     A,R0
   \   000066   7003         JNZ     ??sAddrCmp_4
   \   000068   A3           INC     DPTR
   \   000069   E0           MOVX    A,@DPTR
   \   00006A   69           XRL     A,R1
   \                     ??sAddrCmp_4:
   \   00006B   7004         JNZ     ??sAddrCmp_5
   \   00006D   7901         MOV     R1,#0x1
   \   00006F   8024         SJMP    ??sAddrCmp_1
   \                     ??sAddrCmp_5:
   \   000071   7900         MOV     R1,#0x0
   \   000073   8020         SJMP    ??sAddrCmp_1
     74            }
     75            else if (pAddr1->addrMode == SADDR_MODE_EXT)
   \                     ??sAddrCmp_3:
   \   000075   8E82         MOV     DPL,R6
   \   000077   8F83         MOV     DPH,R7
   \   000079   A3           INC     DPTR
   \   00007A   A3           INC     DPTR
   \   00007B   A3           INC     DPTR
   \   00007C   A3           INC     DPTR
   \   00007D   A3           INC     DPTR
   \   00007E   A3           INC     DPTR
   \   00007F   A3           INC     DPTR
   \   000080   A3           INC     DPTR
   \   000081   E0           MOVX    A,@DPTR
   \   000082   6403         XRL     A,#0x3
   \   000084   700D         JNZ     ??sAddrCmp_6
     76            {
     77              return (sAddrExtCmp(pAddr1->addr.extAddr, pAddr2->addr.extAddr));
   \   000086                ; Setup parameters for call to function sAddrExtCmp
   \   000086   AC..         MOV     R4,?V0 + 0
   \   000088   AD..         MOV     R5,?V0 + 1
   \   00008A   EE           MOV     A,R6
   \   00008B   FA           MOV     R2,A
   \   00008C   EF           MOV     A,R7
   \   00008D   FB           MOV     R3,A
   \   00008E   12....       LCALL   ??sAddrExtCmp?relay
   \   000091   8002         SJMP    ??sAddrCmp_1
     78            }
     79            else
     80            {
     81              return FALSE;
   \                     ??sAddrCmp_6:
   \   000093   7900         MOV     R1,#0x0
   \                     ??sAddrCmp_1:
   \   000095   7F02         MOV     R7,#0x2
   \   000097   02....       LJMP    ?BANKED_LEAVE_XDATA
     82            }
     83          }
     84          
     85          /****************************************************************************
     86           * @fn          sAddrCpy
     87           *
     88           * @brief       Copy a device address.
     89           *
     90           * input parameters
     91           *
     92           * @param       pSrc         - Pointer to address to copy.
     93           *
     94           * output parameters
     95           *
     96           * @param       pDest        - Pointer to address of copy.
     97           *
     98           * @return      None.
     99           */

   \                                 In  segment BANKED_CODE, align 1, keep-with-next
    100          void sAddrCpy(sAddr_t *pDest, const sAddr_t *pSrc)
   \                     sAddrCpy:
    101          {
   \   000000   74F6         MOV     A,#-0xa
   \   000002   12....       LCALL   ?BANKED_ENTER_XDATA
   \   000005                ; Saved register size: 10
   \   000005                ; Auto size: 0
   \   000005   EA           MOV     A,R2
   \   000006   FE           MOV     R6,A
   \   000007   EB           MOV     A,R3
   \   000008   FF           MOV     R7,A
   \   000009   8C..         MOV     ?V0 + 0,R4
   \   00000B   8D..         MOV     ?V0 + 1,R5
    102            pDest->addrMode = pSrc->addrMode;
   \   00000D   85..82       MOV     DPL,?V0 + 0
   \   000010   85..83       MOV     DPH,?V0 + 1
   \   000013   A3           INC     DPTR
   \   000014   A3           INC     DPTR
   \   000015   A3           INC     DPTR
   \   000016   A3           INC     DPTR
   \   000017   A3           INC     DPTR
   \   000018   A3           INC     DPTR
   \   000019   A3           INC     DPTR
   \   00001A   A3           INC     DPTR
   \   00001B   E0           MOVX    A,@DPTR
   \   00001C   8E82         MOV     DPL,R6
   \   00001E   8F83         MOV     DPH,R7
   \   000020   A3           INC     DPTR
   \   000021   A3           INC     DPTR
   \   000022   A3           INC     DPTR
   \   000023   A3           INC     DPTR
   \   000024   A3           INC     DPTR
   \   000025   A3           INC     DPTR
   \   000026   A3           INC     DPTR
   \   000027   A3           INC     DPTR
   \   000028   F0           MOVX    @DPTR,A
    103          
    104            if (pDest->addrMode == SADDR_MODE_SHORT)
   \   000029   8E82         MOV     DPL,R6
   \   00002B   8F83         MOV     DPH,R7
   \   00002D   A3           INC     DPTR
   \   00002E   A3           INC     DPTR
   \   00002F   A3           INC     DPTR
   \   000030   A3           INC     DPTR
   \   000031   A3           INC     DPTR
   \   000032   A3           INC     DPTR
   \   000033   A3           INC     DPTR
   \   000034   A3           INC     DPTR
   \   000035   E0           MOVX    A,@DPTR
   \   000036   6402         XRL     A,#0x2
   \   000038   7016         JNZ     ??sAddrCpy_0
    105            {
    106              pDest->addr.shortAddr = pSrc->addr.shortAddr;
   \   00003A   85..82       MOV     DPL,?V0 + 0
   \   00003D   85..83       MOV     DPH,?V0 + 1
   \   000040   E0           MOVX    A,@DPTR
   \   000041   F8           MOV     R0,A
   \   000042   A3           INC     DPTR
   \   000043   E0           MOVX    A,@DPTR
   \   000044   F9           MOV     R1,A
   \   000045   8E82         MOV     DPL,R6
   \   000047   8F83         MOV     DPH,R7
   \   000049   E8           MOV     A,R0
   \   00004A   F0           MOVX    @DPTR,A
   \   00004B   A3           INC     DPTR
   \   00004C   E9           MOV     A,R1
   \   00004D   F0           MOVX    @DPTR,A
   \   00004E   801C         SJMP    ??sAddrCpy_1
    107            }
    108            else if (pDest->addrMode == SADDR_MODE_EXT)
   \                     ??sAddrCpy_0:
   \   000050   8E82         MOV     DPL,R6
   \   000052   8F83         MOV     DPH,R7
   \   000054   A3           INC     DPTR
   \   000055   A3           INC     DPTR
   \   000056   A3           INC     DPTR
   \   000057   A3           INC     DPTR
   \   000058   A3           INC     DPTR
   \   000059   A3           INC     DPTR
   \   00005A   A3           INC     DPTR
   \   00005B   A3           INC     DPTR
   \   00005C   E0           MOVX    A,@DPTR
   \   00005D   6403         XRL     A,#0x3
   \   00005F   700B         JNZ     ??sAddrCpy_1
    109            {
    110              sAddrExtCpy(pDest->addr.extAddr, pSrc->addr.extAddr);
   \   000061                ; Setup parameters for call to function sAddrExtCpy
   \   000061   AC..         MOV     R4,?V0 + 0
   \   000063   AD..         MOV     R5,?V0 + 1
   \   000065   EE           MOV     A,R6
   \   000066   FA           MOV     R2,A
   \   000067   EF           MOV     A,R7
   \   000068   FB           MOV     R3,A
   \   000069   12....       LCALL   ??sAddrExtCpy?relay
    111            }
    112          }
   \                     ??sAddrCpy_1:
   \   00006C   7F02         MOV     R7,#0x2
   \   00006E   02....       LJMP    ?BANKED_LEAVE_XDATA
    113          
    114          /****************************************************************************
    115           * @fn          sAddrExtCmp
    116           *
    117           * @brief       Compare two extended addresses.
    118           *
    119           * input parameters
    120           *
    121           * @param       pAddr1        - Pointer to first address.
    122           * @param       pAddr2        - Pointer to second address.
    123           *
    124           * output parameters
    125           *
    126           * @return      TRUE if addresses are equal, FALSE otherwise
    127           */

   \                                 In  segment BANKED_CODE, align 1, keep-with-next
    128          bool sAddrExtCmp(const uint8 * pAddr1, const uint8 * pAddr2)
   \                     sAddrExtCmp:
    129          {
   \   000000   74F6         MOV     A,#-0xa
   \   000002   12....       LCALL   ?BANKED_ENTER_XDATA
   \   000005                ; Saved register size: 10
   \   000005                ; Auto size: 0
    130            byte i;
    131          
    132            for (i = SADDR_EXT_LEN; i != 0; i--)
   \   000005   75..08       MOV     ?V0 + 0,#0x8
   \                     ??sAddrExtCmp_0:
   \   000008   E5..         MOV     A,?V0 + 0
   \   00000A   6030         JZ      ??sAddrExtCmp_1
    133            {
    134              if (*pAddr1++ != *pAddr2++)
   \   00000C   EA           MOV     A,R2
   \   00000D   F8           MOV     R0,A
   \   00000E   EB           MOV     A,R3
   \   00000F   F9           MOV     R1,A
   \   000010   8882         MOV     DPL,R0
   \   000012   8983         MOV     DPH,R1
   \   000014   A3           INC     DPTR
   \   000015   AA82         MOV     R2,DPL
   \   000017   AB83         MOV     R3,DPH
   \   000019   EC           MOV     A,R4
   \   00001A   FE           MOV     R6,A
   \   00001B   ED           MOV     A,R5
   \   00001C   FF           MOV     R7,A
   \   00001D   8E82         MOV     DPL,R6
   \   00001F   8F83         MOV     DPH,R7
   \   000021   A3           INC     DPTR
   \   000022   AC82         MOV     R4,DPL
   \   000024   AD83         MOV     R5,DPH
   \   000026   8882         MOV     DPL,R0
   \   000028   8983         MOV     DPH,R1
   \   00002A   E0           MOVX    A,@DPTR
   \   00002B   F8           MOV     R0,A
   \   00002C   8E82         MOV     DPL,R6
   \   00002E   8F83         MOV     DPH,R7
   \   000030   E0           MOVX    A,@DPTR
   \   000031   68           XRL     A,R0
   \   000032   6004         JZ      ??sAddrExtCmp_2
    135              {
    136                return FALSE;
   \   000034   7900         MOV     R1,#0x0
   \   000036   8006         SJMP    ??sAddrExtCmp_3
    137              }
    138            }
   \                     ??sAddrExtCmp_2:
   \   000038   15..         DEC     ?V0 + 0
   \   00003A   80CC         SJMP    ??sAddrExtCmp_0
    139            return TRUE;
   \                     ??sAddrExtCmp_1:
   \   00003C   7901         MOV     R1,#0x1
   \                     ??sAddrExtCmp_3:
   \   00003E   7F02         MOV     R7,#0x2
   \   000040   02....       LJMP    ?BANKED_LEAVE_XDATA
    140          }
    141          
    142          /****************************************************************************
    143           * @fn          sAddrExtCpy
    144           *
    145           * @brief       Copy an extended address.
    146           *
    147           * input parameters
    148           *
    149           * @param       pSrc         - Pointer to address to copy.
    150           *
    151           * output parameters
    152           *
    153           * @param       pDest        - Pointer to address of copy.
    154           *
    155           * @return      pDest + SADDR_EXT_LEN.
    156           */

   \                                 In  segment BANKED_CODE, align 1, keep-with-next
    157          void *sAddrExtCpy(uint8 * pDest, const uint8 * pSrc)
   \                     sAddrExtCpy:
    158          {
   \   000000   74F2         MOV     A,#-0xe
   \   000002   12....       LCALL   ?BANKED_ENTER_XDATA
   \   000005                ; Saved register size: 14
   \   000005                ; Auto size: 0
   \   000005   8A..         MOV     ?V0 + 4,R2
   \   000007   8B..         MOV     ?V0 + 5,R3
   \   000009   EC           MOV     A,R4
   \   00000A   FE           MOV     R6,A
   \   00000B   ED           MOV     A,R5
   \   00000C   FF           MOV     R7,A
    159            return osal_memcpy(pDest, pSrc, SADDR_EXT_LEN);
   \   00000D                ; Setup parameters for call to function osal_memcpy
   \   00000D   8E..         MOV     ?V0 + 0,R6
   \   00000F   8F..         MOV     ?V0 + 1,R7
   \   000011   75..00       MOV     ?V0 + 2,#0x0
   \   000014   78..         MOV     R0,#?V0 + 0
   \   000016   12....       LCALL   ?PUSH_XSTACK_I_THREE
   \   000019   7C08         MOV     R4,#0x8
   \   00001B   7D00         MOV     R5,#0x0
   \   00001D   AA..         MOV     R2,?V0 + 4
   \   00001F   AB..         MOV     R3,?V0 + 5
   \   000021   12....       LCALL   ??osal_memcpy?relay
   \   000024   7403         MOV     A,#0x3
   \   000026   12....       LCALL   ?DEALLOC_XSTACK8
   \   000029   7F06         MOV     R7,#0x6
   \   00002B   02....       LJMP    ?BANKED_LEAVE_XDATA
    160          }

   \                                 In  segment BANK_RELAYS, align 1
   \                     ??sAddrCmp?relay:
   \   000000   12....       LCALL   ?BDISPATCH
   \   000003   ......       DC24    sAddrCmp

   \                                 In  segment BANK_RELAYS, align 1
   \                     ??sAddrCpy?relay:
   \   000000   12....       LCALL   ?BDISPATCH
   \   000003   ......       DC24    sAddrCpy

   \                                 In  segment BANK_RELAYS, align 1
   \                     ??sAddrExtCmp?relay:
   \   000000   12....       LCALL   ?BDISPATCH
   \   000003   ......       DC24    sAddrExtCmp

   \                                 In  segment BANK_RELAYS, align 1
   \                     ??sAddrExtCpy?relay:
   \   000000   12....       LCALL   ?BDISPATCH
   \   000003   ......       DC24    sAddrExtCpy
    161          
    162          
    163          
    164          

   Maximum stack usage in bytes:

     Function         ISTACK PSTACK XSTACK
     --------         ------ ------ ------
     sAddrCmp             0      0     10
       -> sAddrExtCmp     0      0     20
     sAddrCpy             1      0     10
       -> sAddrExtCpy     0      0     20
     sAddrExtCmp          0      0     20
     sAddrExtCpy          0      0     27
       -> osal_memcpy     0      0     34


   Segment part sizes:

     Function/Label      Bytes
     --------------      -----
     sAddrCmp             154
     sAddrCpy             113
     sAddrExtCmp           67
     sAddrExtCpy           46
     ??sAddrCmp?relay       6
     ??sAddrCpy?relay       6
     ??sAddrExtCmp?relay    6
     ??sAddrExtCpy?relay    6

 
 380 bytes in segment BANKED_CODE
  24 bytes in segment BANK_RELAYS
 
 404 bytes of CODE memory

Errors: none
Warnings: none
