###############################################################################
#                                                                             #
# IAR 8051 C/C++ Compiler V7.30B/W32                    24/Mar/2013  20:02:13 #
# Copyright 2004-2007 IAR Systems. All rights reserved.                       #
#                                                                             #
#    Core               =  plain                                              #
#    Code model         =  banked                                             #
#    Data model         =  large                                              #
#    Calling convention =  xdata reentrant                                    #
#    Constant location  =  data                                               #
#    Dptr setup         =  1,16                                               #
#    Source file        =  C:\Texas Instruments\ZStack-1.4.3-1.2.1\Projects\z #
#                          stack\Samples\cc2430-zstack-adxl345\Source\OSAL_AX #
#                          D.c                                                #
#    Command line       =  -f "C:\Texas Instruments\ZStack-1.4.3-1.2.1\Projec #
#                          ts\zstack\Samples\cc2430-zstack-adxl345\CC2430DB\. #
#                          .\..\..\Tools\CC2430DB\f8wEndev.cfg" (-DCPU32MHZ   #
#                          -DFORCE_MAC_NEAR -DROOT=__near_func                #
#                          -DMAC_OPT_FFD=0 -DBLINK_LEDS "-DCONST=const        #
#                          __code" -DGENERIC=__generic) -f "C:\Texas          #
#                          Instruments\ZStack-1.4.3-1.2.1\Projects\zstack\Sam #
#                          ples\cc2430-zstack-adxl345\CC2430DB\..\..\..\Tools #
#                          \CC2430DB\f8wConfig.cfg" (-DSECURE=0               #
#                          -DDEFAULT_CHANLIST=0x00000800                      #
#                          -DZDAPP_CONFIG_PAN_ID=0xFFFF                       #
#                          -DNWK_START_DELAY=100 -DEXTENDED_JOINING_RANDOM_MA #
#                          SK=0x007F -DBEACON_REQUEST_DELAY=100               #
#                          -DBEACON_REQ_DELAY_MASK=0x00FF                     #
#                          -DROUTE_EXPIRY_TIME=30 -DAPSC_ACK_WAIT_DURATION_PO #
#                          LLED=3000 -DNWK_INDIRECT_MSG_TIMEOUT=7             #
#                          -DMAX_RREQ_ENTRIES=10 -DAPSC_MAX_FRAME_RETRIES=3   #
#                          -DNWK_MAX_DATA_RETRIES=2                           #
#                          -DMAX_POLL_FAILURE_RETRIES=2 -DMAX_BCAST=9         #
#                          -DAPS_MAX_GROUPS=16 -DMAX_RTG_ENTRIES=20           #
#                          -DNWK_MAX_BINDING_ENTRIES=10                       #
#                          -DMAX_BINDING_CLUSTER_IDS=5 "-DDEFAULT_KEY={0x01,  #
#                          0x03, 0x05, 0x07, 0x09, 0x0B, 0x0D, 0x0F, 0x00,    #
#                          0x02, 0x04, 0x06, 0x08, 0x0A, 0x0C, 0x0D}"         #
#                          -DRFD_RCVC_ALWAYS_ON=FALSE -DPOLL_RATE=1000        #
#                          -DQUEUED_POLL_RATE=100 -DRESPONSE_POLL_RATE=100)   #
#                          -DREJOIN_POLL_RATE=440 "C:\Texas                   #
#                          Instruments\ZStack-1.4.3-1.2.1\Projects\zstack\Sam #
#                          ples\cc2430-zstack-adxl345\Source\OSAL_AXD.c" -D   #
#                          CC2430EB -D AXD_END -D AXD_END_B -D NWK_AUTO_POLL  #
#                          -D REFLECTOR -D xZTOOL_P1 -D xMT_TASK -D           #
#                          xMT_ZDO_FUNC -D xLCD_SUPPORTED=DEBUG -D            #
#                          xPOWER_SAVING -lC "C:\Texas                        #
#                          Instruments\ZStack-1.4.3-1.2.1\Projects\zstack\Sam #
#                          ples\cc2430-zstack-adxl345\CC2430DB\ENDDevice2EB\L #
#                          ist\" -lA "C:\Texas Instruments\ZStack-1.4.3-1.2.1 #
#                          \Projects\zstack\Samples\cc2430-zstack-adxl345\CC2 #
#                          430DB\ENDDevice2EB\List\" --diag_suppress          #
#                          Pe001,Pa010 --diag_remark pe550 -o "C:\Texas       #
#                          Instruments\ZStack-1.4.3-1.2.1\Projects\zstack\Sam #
#                          ples\cc2430-zstack-adxl345\CC2430DB\ENDDevice2EB\O #
#                          bj\" -e --require_prototypes -z2 --no_cse          #
#                          --no_unroll --no_inline --no_code_motion           #
#                          --no_tbaa --debug --core=plain --dptr=16,1         #
#                          --data_model=large --code_model=banked             #
#                          --calling_convention=xdata_reentrant               #
#                          --place_constants=data --nr_virtual_regs 8 -I      #
#                          "C:\Texas Instruments\ZStack-1.4.3-1.2.1\Projects\ #
#                          zstack\Samples\cc2430-zstack-adxl345\CC2430DB\"    #
#                          -I "C:\Texas Instruments\ZStack-1.4.3-1.2.1\Projec #
#                          ts\zstack\Samples\cc2430-zstack-adxl345\CC2430DB\. #
#                          .\SOURCE\" -I "C:\Texas Instruments\ZStack-1.4.3-1 #
#                          .2.1\Projects\zstack\Samples\cc2430-zstack-adxl345 #
#                          \CC2430DB\..\Drivers\" -I "C:\Texas                #
#                          Instruments\ZStack-1.4.3-1.2.1\Projects\zstack\Sam #
#                          ples\cc2430-zstack-adxl345\CC2430DB\..\..\..\ZMAIN #
#                          \TI2430DB\" -I "C:\Texas                           #
#                          Instruments\ZStack-1.4.3-1.2.1\Projects\zstack\Sam #
#                          ples\cc2430-zstack-adxl345\CC2430DB\..\..\..\..\.. #
#                          \COMPONENTS\MT\" -I "C:\Texas                      #
#                          Instruments\ZStack-1.4.3-1.2.1\Projects\zstack\Sam #
#                          ples\cc2430-zstack-adxl345\CC2430DB\..\..\..\..\.. #
#                          \COMPONENTS\HAL\INCLUDE\" -I "C:\Texas             #
#                          Instruments\ZStack-1.4.3-1.2.1\Projects\zstack\Sam #
#                          ples\cc2430-zstack-adxl345\CC2430DB\..\..\..\..\.. #
#                          \COMPONENTS\HAL\TARGET\CC2430EB\" -I "C:\Texas     #
#                          Instruments\ZStack-1.4.3-1.2.1\Projects\zstack\Sam #
#                          ples\cc2430-zstack-adxl345\CC2430DB\..\..\..\..\.. #
#                          \COMPONENTS\OSAL\MCU\CCSOC\" -I "C:\Texas          #
#                          Instruments\ZStack-1.4.3-1.2.1\Projects\zstack\Sam #
#                          ples\cc2430-zstack-adxl345\CC2430DB\..\..\..\..\.. #
#                          \COMPONENTS\OSAL\INCLUDE\" -I "C:\Texas            #
#                          Instruments\ZStack-1.4.3-1.2.1\Projects\zstack\Sam #
#                          ples\cc2430-zstack-adxl345\CC2430DB\..\..\..\..\.. #
#                          \COMPONENTS\STACK\AF\" -I "C:\Texas                #
#                          Instruments\ZStack-1.4.3-1.2.1\Projects\zstack\Sam #
#                          ples\cc2430-zstack-adxl345\CC2430DB\..\..\..\..\.. #
#                          \COMPONENTS\STACK\NWK\" -I "C:\Texas               #
#                          Instruments\ZStack-1.4.3-1.2.1\Projects\zstack\Sam #
#                          ples\cc2430-zstack-adxl345\CC2430DB\..\..\..\..\.. #
#                          \COMPONENTS\STACK\SEC\" -I "C:\Texas               #
#                          Instruments\ZStack-1.4.3-1.2.1\Projects\zstack\Sam #
#                          ples\cc2430-zstack-adxl345\CC2430DB\..\..\..\..\.. #
#                          \COMPONENTS\STACK\SYS\" -I "C:\Texas               #
#                          Instruments\ZStack-1.4.3-1.2.1\Projects\zstack\Sam #
#                          ples\cc2430-zstack-adxl345\CC2430DB\..\..\..\..\.. #
#                          \COMPONENTS\STACK\ZDO\" -I "C:\Texas               #
#                          Instruments\ZStack-1.4.3-1.2.1\Projects\zstack\Sam #
#                          ples\cc2430-zstack-adxl345\CC2430DB\..\..\..\..\.. #
#                          \COMPONENTS\ZMAC\F8W\" -I "C:\Texas                #
#                          Instruments\ZStack-1.4.3-1.2.1\Projects\zstack\Sam #
#                          ples\cc2430-zstack-adxl345\CC2430DB\..\..\..\..\.. #
#                          \COMPONENTS\ZMAC\" -I "C:\Texas                    #
#                          Instruments\ZStack-1.4.3-1.2.1\Projects\zstack\Sam #
#                          ples\cc2430-zstack-adxl345\CC2430DB\..\..\..\..\.. #
#                          \COMPONENTS\SERVICES\SADDR\" -I "C:\Texas          #
#                          Instruments\ZStack-1.4.3-1.2.1\Projects\zstack\Sam #
#                          ples\cc2430-zstack-adxl345\CC2430DB\..\..\..\..\.. #
#                          \COMPONENTS\SERVICES\SDATA\" -I "C:\Texas          #
#                          Instruments\ZStack-1.4.3-1.2.1\Projects\zstack\Sam #
#                          ples\cc2430-zstack-adxl345\CC2430DB\..\..\..\..\.. #
#                          \COMPONENTS\MAC\INCLUDE\" -I "C:\Texas             #
#                          Instruments\ZStack-1.4.3-1.2.1\Projects\zstack\Sam #
#                          ples\cc2430-zstack-adxl345\CC2430DB\..\..\..\..\.. #
#                          \COMPONENTS\MAC\HIGH_LEVEL\" -I "C:\Texas          #
#                          Instruments\ZStack-1.4.3-1.2.1\Projects\zstack\Sam #
#                          ples\cc2430-zstack-adxl345\CC2430DB\..\..\..\..\.. #
#                          \COMPONENTS\MAC\LOW_LEVEL\SRF03\" -I "C:\Texas     #
#                          Instruments\ZStack-1.4.3-1.2.1\Projects\zstack\Sam #
#                          ples\cc2430-zstack-adxl345\CC2430DB\..\..\..\..\.. #
#                          \COMPONENTS\MAC\LOW_LEVEL\SRF03\SINGLE_CHIP\" -I   #
#                          "C:\Program Files\IAR Systems\Embedded Workbench   #
#                          4.0 Evaluation version\8051\INC\" -I "C:\Program   #
#                          Files\IAR Systems\Embedded Workbench 4.0           #
#                          Evaluation version\8051\INC\CLIB\"                 #
#    List file          =  C:\Texas Instruments\ZStack-1.4.3-1.2.1\Projects\z #
#                          stack\Samples\cc2430-zstack-adxl345\CC2430DB\ENDDe #
#                          vice2EB\List\OSAL_AXD.lst                          #
#    Object file        =  C:\Texas Instruments\ZStack-1.4.3-1.2.1\Projects\z #
#                          stack\Samples\cc2430-zstack-adxl345\CC2430DB\ENDDe #
#                          vice2EB\Obj\OSAL_AXD.r51                           #
#                                                                             #
#                                                                             #
###############################################################################

C:\Texas Instruments\ZStack-1.4.3-1.2.1\Projects\zstack\Samples\cc2430-zstack-adxl345\Source\OSAL_AXD.c
      1          /**************************************************************************************************
      2            Filename:       OSAL_AXD.c
      3            Revised:        $Date: 2007-11-08 08:51:47 -0800 (Thu, 08 Nov 2007) $
      4            Revision:       $Revision: 15894 $
      5          
      6            Description:    This file contains all the settings and other functions
      7                            that the user should set and change.
      8          
      9          
     10            Copyright 2004-2007 Texas Instruments Incorporated. All rights reserved.
     11          
     12            IMPORTANT: Your use of this Software is limited to those specific rights
     13            granted under the terms of a software license agreement between the user
     14            who downloaded the software, his/her employer (which must be your employer)
     15            and Texas Instruments Incorporated (the "License").  You may not use this
     16            Software unless you agree to abide by the terms of the License. The License
     17            limits your use, and you acknowledge, that the Software may not be modified,
     18            copied or distributed unless embedded on a Texas Instruments microcontroller
     19            or used solely and exclusively in conjunction with a Texas Instruments radio
     20            frequency transceiver, which is integrated into your product.  Other than for
     21            the foregoing purpose, you may not use, reproduce, copy, prepare derivative
     22            works of, modify, distribute, perform, display or sell this Software and/or
     23            its documentation for any purpose.
     24          
     25            YOU FURTHER ACKNOWLEDGE AND AGREE THAT THE SOFTWARE AND DOCUMENTATION ARE
     26            PROVIDED “AS IS?WITHOUT WARRANTY OF ANY KIND, EITHER EXPRESS OR IMPLIED, 
     27            INCLUDING WITHOUT LIMITATION, ANY WARRANTY OF MERCHANTABILITY, TITLE, 
     28            NON-INFRINGEMENT AND FITNESS FOR A PARTICULAR PURPOSE. IN NO EVENT SHALL
     29            TEXAS INSTRUMENTS OR ITS LICENSORS BE LIABLE OR OBLIGATED UNDER CONTRACT,
     30            NEGLIGENCE, STRICT LIABILITY, CONTRIBUTION, BREACH OF WARRANTY, OR OTHER
     31            LEGAL EQUITABLE THEORY ANY DIRECT OR INDIRECT DAMAGES OR EXPENSES
     32            INCLUDING BUT NOT LIMITED TO ANY INCIDENTAL, SPECIAL, INDIRECT, PUNITIVE
     33            OR CONSEQUENTIAL DAMAGES, LOST PROFITS OR LOST DATA, COST OF PROCUREMENT
     34            OF SUBSTITUTE GOODS, TECHNOLOGY, SERVICES, OR ANY CLAIMS BY THIRD PARTIES
     35            (INCLUDING BUT NOT LIMITED TO ANY DEFENSE THEREOF), OR OTHER SIMILAR COSTS.
     36          
     37            Should you have any questions regarding your right to use this Software,
     38            contact Texas Instruments Incorporated at www.TI.com. 
     39          **************************************************************************************************/
     40          
     41          /*********************************************************************
     42           * INCLUDES
     43           */
     44          
     45          #include "ZComDef.h"
     46          #include "hal_drivers.h"
     47          #include "OSAL.h"
     48          #include "OSAL_Tasks.h"
     49          #include "OSAL_Custom.h"
     50          
     51          #if defined ( MT_TASK )
     52            #include "MTEL.h"
     53          #endif
     54          
     55          #include "nwk.h"
     56          #include "APS.h"
     57          #include "ZDApp.h"
     58          
     59          #include "AXD.h"
     60          
     61          /*********************************************************************
     62           * GLOBAL VARIABLES
     63           */
     64          
     65          // The order in this table must be identical to the task initialization calls below in osalInitTask.

   \                                 In  segment XDATA_I, align 1, keep-with-next
     66          const pTaskEventHandlerFn tasksArr[] = {
   \                     tasksArr:
   \   000000                DS 12
   \   00000C                REQUIRE `?<Initializer for tasksArr>`
   \   00000C                REQUIRE __INIT_XDATA_I
     67            macEventLoop,
     68            nwk_event_loop,
     69            Hal_ProcessEvent,
     70          #if defined( MT_TASK )
     71            MT_ProcessEvent,
     72          #endif
     73            APS_event_loop,
     74            ZDApp_event_loop,
     75            AXD_ProcessEvent
     76          };
     77          

   \                                 In  segment XDATA_I, align 1, keep-with-next
     78          const uint8 tasksCnt = sizeof( tasksArr ) / sizeof( tasksArr[0] );
   \                     tasksCnt:
   \   000000                DS 1
   \   000001                REQUIRE `?<Initializer for tasksCnt>`
   \   000001                REQUIRE __INIT_XDATA_I

   \                                 In  segment XDATA_Z, align 1, keep-with-next
     79          uint16 *tasksEvents;
   \                     tasksEvents:
   \   000000                DS 2
   \   000002                REQUIRE __INIT_XDATA_Z
     80          
     81          /*********************************************************************
     82           * FUNCTIONS
     83           *********************************************************************/
     84          
     85          /*********************************************************************
     86           * @fn      osalInitTasks
     87           *
     88           * @brief   This function invokes the initialization function for each task.
     89           *
     90           * @param   void
     91           *
     92           * @return  none
     93           */

   \                                 In  segment BANKED_CODE, align 1, keep-with-next
     94          void osalInitTasks( void )
   \                     osalInitTasks:
     95          {
   \   000000   74F7         MOV     A,#-0x9
   \   000002   12....       LCALL   ?BANKED_ENTER_XDATA
   \   000005                ; Saved register size: 9
   \   000005                ; Auto size: 0
     96            uint8 taskID = 0;
   \   000005   7E00         MOV     R6,#0x0
     97          
     98            tasksEvents = (uint16 *)osal_mem_alloc( sizeof( uint16 ) * tasksCnt);
   \   000007                ; Setup parameters for call to function osal_mem_alloc
   \   000007   90....       MOV     DPTR,#tasksCnt
   \   00000A   E0           MOVX    A,@DPTR
   \   00000B   FA           MOV     R2,A
   \   00000C   7B00         MOV     R3,#0x0
   \   00000E   EA           MOV     A,R2
   \   00000F   75F002       MOV     B,#0x2
   \   000012   A4           MUL     AB
   \   000013   CA           XCH     A,R2
   \   000014   ACF0         MOV     R4,B
   \   000016   75F000       MOV     B,#0x0
   \   000019   A4           MUL     AB
   \   00001A   2C           ADD     A,R4
   \   00001B   FC           MOV     R4,A
   \   00001C   75F002       MOV     B,#0x2
   \   00001F   EB           MOV     A,R3
   \   000020   A4           MUL     AB
   \   000021   2C           ADD     A,R4
   \   000022   FB           MOV     R3,A
   \   000023   12....       LCALL   ??osal_mem_alloc?relay
   \   000026   90....       MOV     DPTR,#tasksEvents
   \   000029   EA           MOV     A,R2
   \   00002A   F0           MOVX    @DPTR,A
   \   00002B   A3           INC     DPTR
   \   00002C   EB           MOV     A,R3
   \   00002D   F0           MOVX    @DPTR,A
     99            osal_memset( tasksEvents, 0, (sizeof( uint16 ) * tasksCnt));
   \   00002E                ; Setup parameters for call to function osal_memset
   \   00002E   90....       MOV     DPTR,#tasksCnt
   \   000031   E0           MOVX    A,@DPTR
   \   000032   FC           MOV     R4,A
   \   000033   7D00         MOV     R5,#0x0
   \   000035   EC           MOV     A,R4
   \   000036   75F002       MOV     B,#0x2
   \   000039   A4           MUL     AB
   \   00003A   CC           XCH     A,R4
   \   00003B   AAF0         MOV     R2,B
   \   00003D   75F000       MOV     B,#0x0
   \   000040   A4           MUL     AB
   \   000041   2A           ADD     A,R2
   \   000042   FA           MOV     R2,A
   \   000043   75F002       MOV     B,#0x2
   \   000046   ED           MOV     A,R5
   \   000047   A4           MUL     AB
   \   000048   2A           ADD     A,R2
   \   000049   FD           MOV     R5,A
   \   00004A   7900         MOV     R1,#0x0
   \   00004C   90....       MOV     DPTR,#tasksEvents
   \   00004F   E0           MOVX    A,@DPTR
   \   000050   FA           MOV     R2,A
   \   000051   A3           INC     DPTR
   \   000052   E0           MOVX    A,@DPTR
   \   000053   FB           MOV     R3,A
   \   000054   12....       LCALL   ??osal_memset?relay
    100          
    101            macTaskInit( taskID++ );
   \   000057                ; Setup parameters for call to function macTaskInit
   \   000057   EE           MOV     A,R6
   \   000058   F9           MOV     R1,A
   \   000059   12....       LCALL   ??macTaskInit?relay
   \   00005C   0E           INC     R6
    102            nwk_init( taskID++ );
   \   00005D                ; Setup parameters for call to function nwk_init
   \   00005D   EE           MOV     A,R6
   \   00005E   F9           MOV     R1,A
   \   00005F   12....       LCALL   ??nwk_init?relay
   \   000062   0E           INC     R6
    103            Hal_Init( taskID++ );
   \   000063                ; Setup parameters for call to function Hal_Init
   \   000063   EE           MOV     A,R6
   \   000064   F9           MOV     R1,A
   \   000065   12....       LCALL   ??Hal_Init?relay
   \   000068   0E           INC     R6
    104          #if defined( MT_TASK )
    105            MT_TaskInit( taskID++ );
    106          #endif
    107            APS_Init( taskID++ );
   \   000069                ; Setup parameters for call to function APS_Init
   \   000069   EE           MOV     A,R6
   \   00006A   F9           MOV     R1,A
   \   00006B   12....       LCALL   ??APS_Init?relay
   \   00006E   0E           INC     R6
    108            ZDApp_Init( taskID++ );
   \   00006F                ; Setup parameters for call to function ZDApp_Init
   \   00006F   EE           MOV     A,R6
   \   000070   F9           MOV     R1,A
   \   000071   12....       LCALL   ??ZDApp_Init?relay
   \   000074   0E           INC     R6
    109            AXD_Init( taskID );
   \   000075                ; Setup parameters for call to function AXD_Init
   \   000075   EE           MOV     A,R6
   \   000076   F9           MOV     R1,A
   \   000077   12....       LCALL   ??AXD_Init?relay
    110          }
   \   00007A   7F01         MOV     R7,#0x1
   \   00007C   02....       LJMP    ?BANKED_LEAVE_XDATA

   \                                 In  segment XDATA_ID, align 1, keep-with-next
   \                     `?<Initializer for tasksArr>`:
   \   000000   ........     DW ??macEventLoop?relay, ??nwk_event_loop?relay
   \   000004   ........     DW ??Hal_ProcessEvent?relay, ??APS_event_loop?relay
   \   000008   ........     DW ??ZDApp_event_loop?relay, ??AXD_ProcessEvent?relay

   \                                 In  segment XDATA_ID, align 1, keep-with-next
   \                     `?<Initializer for tasksCnt>`:
   \   000000   06           DB 6

   \                                 In  segment BANK_RELAYS, align 1
   \                     ??osalInitTasks?relay:
   \   000000   12....       LCALL   ?BDISPATCH
   \   000003   ......       DC24    osalInitTasks
    111          
    112          /*********************************************************************
    113          *********************************************************************/

   Maximum stack usage in bytes:

     Function            ISTACK PSTACK XSTACK
     --------            ------ ------ ------
     osalInitTasks           0      0      9
       -> osal_mem_alloc     0      0     18
       -> osal_memset        0      0     18
       -> macTaskInit        0      0     18
       -> nwk_init           0      0     18
       -> Hal_Init           0      0     18
       -> APS_Init           0      0     18
       -> ZDApp_Init         0      0     18
       -> AXD_Init           0      0     18


   Segment part sizes:

     Function/Label              Bytes
     --------------              -----
     tasksArr                      12
     tasksCnt                       1
     tasksEvents                    2
     osalInitTasks                127
     ?<Initializer for tasksArr>   12
     ?<Initializer for tasksCnt>    1
     ??osalInitTasks?relay          6

 
 127 bytes in segment BANKED_CODE
   6 bytes in segment BANK_RELAYS
  13 bytes in segment XDATA_I
  13 bytes in segment XDATA_ID
   2 bytes in segment XDATA_Z
 
 146 bytes of CODE  memory
  15 bytes of XDATA memory

Errors: none
Warnings: none
